
> hero@0.1.0 build
> next build

▲ Next.js 16.2.4 (Turbopack)
- Environments: .env.local, .env

  Creating an optimized production build ...
✓ Compiled successfully in 18.2s
  Running TypeScript ...
